--------------------------------------------------------------------------------------
Timing Analyzer Summary
--------------------------------------------------------------------------------------

Type           : Worst-case tsu
Slack          : N/A
Required Time  : None
Actual Time    : 67.500 ns
From           : voter_id[3]
To             : buttonControl:bc3|valid_vote
From Clock     : --
To Clock       : clock
Failed Paths   : 0

Type           : Worst-case tco
Slack          : N/A
Required Time  : None
Actual Time    : 86.100 ns
From           : modeControl:MC|num[4]
To             : digit0[0]
From Clock     : clock
To Clock       : --
Failed Paths   : 0

Type           : Worst-case tpd
Slack          : N/A
Required Time  : None
Actual Time    : 74.600 ns
From           : voter_id[3]
To             : already_voted
From Clock     : --
To Clock       : --
Failed Paths   : 0

Type           : Worst-case th
Slack          : N/A
Required Time  : None
Actual Time    : -5.000 ns
From           : reset
To             : voteLogger:VL|lpm_counter:cand3_vote_recvd_rtl_2|alt_counter_f10ke:wysi_counter|q[6]
From Clock     : --
To Clock       : clock
Failed Paths   : 0

Type           : Clock Setup: 'clock'
Slack          : N/A
Required Time  : None
Actual Time    : 20.37 MHz ( period = 49.100 ns )
From           : authentication:auth|voted[245]
To             : buttonControl:bc3|valid_vote
From Clock     : clock
To Clock       : clock
Failed Paths   : 0

Type           : Total number of failed paths
Slack          : 
Required Time  : 
Actual Time    : 
From           : 
To             : 
From Clock     : 
To Clock       : 
Failed Paths   : 0

--------------------------------------------------------------------------------------

